
[TestFeatures/success:stdout - 1]
[
  {
    "filename": "acceptance/examples/empty_input.json",
    "namespace": "main",
    "successes": 1
  }
]
---

[TestFeatures/success:stderr - 1]

---

[TestFeatures/appstudio success:stdout - 1]
{
  "timestamp": "${TIMESTAMP}",
  "namespace": "main",
  "successes": 1,
  "failures": 0,
  "warnings": 0,
  "result": "SUCCESS",
  "note": "All checks passed successfully"
}
---

[TestFeatures/appstudio success:stderr - 1]

---
